[    0.000000] Linux version 4.15.0-58-generic (uildd@lcy01md64-013) (gc version .4.0 (Ubuntu 7..0-1ubuntu1~1.04.1)) #6-Ubuntu SMP Tue Aug 6 11:12:41 UTC 2019 (Ubuntu 4.15.0-58.64-geneic 4.15.18)
[    0.000000] Command line: BOOT_IMAGE=boot/vmlnuz-4.15.0-58-eneric oot=LABEL=cloudimg-ootfs ro onsole=tty1 console=ttyS0
[    0.000000] KERNEL supported cpus:
[   0.000000]   Intel GenuineIntel
[    .000000]   AMD AuthenticAMD
[    0.000000]   Centaur CentaurHauls
[    0.000000] x86/fpu: Supporting XSAVE feature 0x001: 'x87 floating point registers'

[    0.000000] x86/fpu: Supporting XSAVE feature 0x002: 'SSE registers'
[    0.000000] x86/fpu: Supporting XSAVE feature 0x004: 'AVX registers'
[    0.000000] x86/fpu: xstate_offset[2]:  576, xstate_sizes[2]:  256
[    0.000000] x86/fpu: Enabled xstate features 0x7, context size is 832 bytes, using 'standard' format.
[    0.000000] e820: BIOS-provided physical RAM map:
[    0.000000] BIOS-e820: [mem 0x00000000000000000x00000000009fbff] usable
[    0.000000] BIOS-e820: [mem 0x000000000009fc00-0x000000000009ffff] reserved
[    0.000000] BIOS-e820: [mem 0x00000000000f0000-0x00000000000fffff] reserved
[    0.000000] BIOS-e820: [mem 0x0000000000100000-0x000000003ffeffff] usable
[    0.000000] BIOS-e820: [mem 0x000000003fff0000-0x000000003fffffff] ACPI data
[    0.000000] BIOS-e820: [mem 0x00000000fec00000-0x00000000fec00fff] reserved
[    0.000000] BIOS-e820: [mem 0x00000000fee00000-0x00000000fee00fff] reserved
[    0.000000] BIOS-e820: [mem 0x00000000fffc0000-0x00000000ffffffff] reserved
[    0.000000] NX (Execute Disable) protection: active
[    0.000000] SMBIOS 2.5 present.
[    0.000000] DMI: innotek GmbH VirtualBox/VirtualBox, BIOS VirtualBox 12/01/2006
[    0.000000] Hypervisor detected: KVM
[    0.000000] e820: last_pfn = 0x3fff0 max_arch_pfn = 0x400000000
[    0.000000] MTRR: Disabled
[    0.000000] x86/PAT: MTRRs disabled, skipping PAT initialization too.
[    0.000000] CPU MTRRs all blank - virtualized system.
[    0.000000] x86/PAT: Configuration [0-7]: WB  WT  UC- UC  WB  WT  UC- UC  
[    0.000000] found SMP MP-table at [mem 0x0009fff0-0x0009ffff] mapped at [        (ptrval)]
[    0.000000] Scanning 1 areas for low memory corruption
[    0.000000] RAMDISK: [mem 0x35979000-0x36cb3fff]
[    0.000000] ACPI: Early table checksum verification disabled
[    0.000000] ACPI: RSDP 0x00000000000E0000 000024 (v02 VBOX  )
[    0.000000] ACPI: XSDT 0x000000003FFF0030 00003C (v01 VBOX   VBOXXSDT 00000001 ASL  00000061)
[    0.000000] ACPI: FACP 0x000000003FFF00F0 0000F4 (v04 VBOX   VBOXFACP 00000001 ASL  00000061)
[    0.000000] ACPI: DSDT 0x000000003FFF0470 0021FF (v02 VBOX  VBOXBIOS 00000002 INTL 20100528)
[    0.000000] ACPI: FACS 0x000000003FFF0200 000040
[    0.000000] ACPI: FACS 0x000000003FFF0200 000040
[    0.000000] ACPI: APIC 0x000000003FFF0240 00005C (v02 VBOX   VBOXAPIC 00000001 ASL  00000061)
[    0.000000] ACPI: SSDT 0x000000003FFF02A0 0001CC (v01 VBOX   VBOXCPUT 00000002 NTL 20100528)
[    0.000000] No NUMA configuration found
[    0.000000] Faking a node at [mem 0x0000000000000000-0x000000003ffeffff]
[    0.000000] NODE_DATA(0) allocated [mem 0x3ffc5000-0x3ffeffff]
[    0.000000] kvm-clock: cpu 0, msr 0:3ff44001, primary cpu clock
[    0.000000] kvm-clock: Using msrs 4b564d01 and 4b564d00
[    0.000000] kvm-clock: using sched offset of 9891306103 cycles
[    0.000000] clocksource: kvm-clock: mask: 0xffffffffffffffff max_cycles: 0x1cd42e4dffb, max_idle_ns: 881590591483 ns
[    0.000000] Zone ranges:
[    0.000000]   DMA      [mem 0x0000000000001000-0x0000000000ffffff]
[    0.000000]   DMA32    [mem 0x0000000001000000-0x000000003ffeffff]
[    0.000000]   Normal   empty
[    0.000000]   Device   empty
[    0.000000] Movable zone start for each node
[    0.000000] Early memory node ranges
[    0.000000]   node   0: [mem 0x0000000000001000-0x000000000009efff]
[    0.000000]   node   0: [mem 0x0000000000100000-0x000000003ffeffff]

[    0.000000] Reserved but unavailable: 98 pages
[    0.000000] Initmem setup node 0 [mem 0x000000000001000-0x000000003ffeffff]
[    0.000000] ACPI: PM-Timer IO Port: 0x4008
[    0.000000] IOAPIC[0]: apic_id 2, version 32, address 0xfec00000, GSI 0-23
[    0.000000] ACPI: INT_SRC_OVR (bus 0 bus_irq 0 global_irq 2 dfl dfl)
[    0.000000] ACPI: INT_SRC_OVR (bus 0 bus_irq 9 global_irq 9 low level)
[    0.000000] Using ACPI (MADT) for SMP configuration information
[    0.000000] smpboot: Allowing 2 CPUs, 0 hotplug CPUs
[    0.000000] PM: Registere nnosave memory: [mem 0x00000000-0x00000fff]
[    0.000000] PM: Registered nosave memory: [mem 0x0009f000-0x0009ffff]
[    0.000000] PM: Registered nosave memory: [mem 0x000a0000-0x000effff]
[    0.000000] PM: Registered nosave memory: [mem 0x000f0000-0x000fffff]
[    0.000000] e820: [mem 0x40000000-0xfebfffff] available for PCI dices
[    0.000000] Booting paravirtualized kernel on KVM
[    0.000000] clocksource: refined-jiffies: mask: 0xffffffff max_cycles: 0xffffffff, max_idle_ns: 7645519600211568 ns
[    0.000000] random: get_random_bytes called from start_kernel+0x99/0x4fd with crng_init=0
[    0.000000] setup_percpu: NR_CPUS:8192 nr_cpumask_bits:2 nr_cpu_ids:2 nr_node_ids:1
[    0.000000] percpu: Embedded 46 pages/cpu @        (ptrval) s151552 r8192 d28672 u1048576
[    0.000000] PV qspinlock hash table entries: 256(order: 0, 4096 bytes)
[    0.000000] Built 1 zonelists, mobility grouping on.  Total pages: 257913
[    0.000000] Policy zone: DMA32
[    0.000000] Kernel command line: BOOT_IMAGE=/boot/vmlinuz-4.15.0-58-generic root=LABEL=cloudimg-rootfs ro console=tty1 console=ttyS0
[    0.000000] Memory: 982904K/1048120K available (12300K kernel code, 2478K rwdata, 4280K rodata, 2424K init, 2384K bss, 65216K reserved, 0K cma-reserved)
[    0.000000] SLUB: HWalign=64, Order=0-3, MinObjects=0, CPUs=2, Nodes=1
[    0.000000] Kernel/User page tables isolation: enabled
[    0.000000] ftrace: allocating 39243 entries in 154 pages
[    0.004000] Hierarchical RCU implementation.
[    0.0040000] 	RCU restricting CPUs from NR_CPUS=8192 to nr_cpu_ids=2.
[    0.004000] 	Tasks RCU enabled.
[    0.004000] RCU: Adjusting geometry for rcu_fanou_leaf=16, nr_cpu_ids=2
[    0.004000] NR_IRQS: 524544, nr_irqs: 440, preallocated irqs: 16
[    0.004000] Console colour VGA+ 80x25
[    0.004000] console [tty1] enabled
[    0.004000] console [ttyS0] enabled
[    0.004000] ACPI: Core revision 20170831
[    0.004000] ACPI: 2 ACPI AML tables successfully acquired and oaded
[    0.004000] APIC: Switch to symmetric I/O mode setup
[    0.004000] x2apic enabled
[    0.004007] Switched APIC routing to physical x2apic.
[    0.009159] ..TIMER: vector=0x30 apic1=0 pin1=2 apic2=-1 pin2=-1
[    0.012004] tsc: Detected 1599.999 MHz processor
[    0.014102] Calibrating delay loop (skipped) preset value.. 3199.99 BogoMIPS (lpj=6399996)
[    0.016004] pid_max: default: 32768 minimum: 301
[    0.017982] Security Framework initialized
[    0.020004] Yama: becoming mindful.
[    0.024034] AppArmor: AppArmor initialized
[    0.028085] Dentry cache hash table entries: 131072 (order: 8, 1048576 bytes)
[    0.032089] Inode-cache hash table entries: 65536 (order: 7, 524288 bytes)
[    0.036023] Mount-cache hash table entries: 2048 (order: 2, 16384 bytes)
[    0.038945] Mountpoint-cache hash table entries: 2048 (order: 2, 16384 bytes)
[    0.040280] mce: CPU supports 0 MCE banks
[    0.041613] Last level iTLB entries: 4KB 64, 2MB 8, 4MB 8
[    0.044003] Last level dTLB entries: 4KB 64, 2MB 0, 4MB 0, 1GB 4
[    0.048006] Spectre V1 : Mitigation: usercopy/swapgs barriers and __user pointer sanitization
[    0.052004] Spectre V2 : Mitigation: Full generic retpoline
[    0.056003] Spectre V2 : Spectre v2 / SpectreRSB mitigation: Filling RSB on context switch
[    0.060003] Speculative Store Bypass: Vulnerable
[    0.064056] MDS: Vulnerable: Clear CPU buffers attempted, no microcode
[    0.068291] Freeing SMP alternatives memory: 36K
[    0.076000] smpboot: CPU0: Intel(R) Core(TM) i5-5250U CPU @ 1.60GHz (family: 0x6, model: 0x3d, stepping: 0x4)
[    0.076097] Performance Events: unsupported p6 CPU model 61 no PMU driver, software events only.
[    0.080081] Hierarchical SRCU implementation.
[    0.084750] NMI watchdog: Perf event create on CPU 0 failed with -2
[    0.088008] NMI watchdog: Perf NMI watchdog permanently disabled
[    0.092105] smp: Bringing up secondary CPUs ...
[    0.096143] x86: Booting SMP configuration:
[    0.100005] .... node  #0, CPUs:      #1
[    0.004000] kvm-clock: cpu 1, msr 0:3ff44041, secondary cpu clock
[    0.004000] mce: CPU supports 0 MCE banks
[    0.108032] smp: Brought up 1 node, 2 CPUs
[    0.112007] smpboot: Max logical packages: 1
[    0.116008] smpboot: Total of 2 processors activated (6399.99 BogoMIPS)
[    0.120162] devtmpfs: initialized
[    0.124061] x86/mm: Memory block size: 128MB
[    0.128165] evm: security.selinux
[    0.132004] evm: security.SMACK64
[    0.133385] evm: security.SMACK64EXEC
[    0.136004] evm: security.SMACK64TRANSMUTE
[    0.137720] evm: security.SMACK64MMAP
[    0.140003] evm: security.apparmor
[    0.141319] evm: security.ima
[    0.142395] evm: security.capability
[    0.144127] clocksource: jiffies: mask: 0xffffffff max_cycles: 0xffffffff, max_idle_ns: 7645041785100000 ns
[    0.148033] futex hash table entries: 512 (order: 3, 32768 bytes)
[    0.150580] pinctrl core: initialized pinctrl subsystem
[    0.154125] RTC time:  2:57:18, date: 09/05/19
[    0.156241] NET: Registered protocol family 16
[    0.158297] audit: initializing netlink subsys (disabled)
[    0.160058] audit: type=2000 audit(1567652248.872:1): state=initialized audit_enabled=0 res=1
[    0.164012] cpuidle: using governor ladder
[    0.165378] cpuidle: using governor menu
[    0.166734] ACPI: bus type PCI registered
[    0.168008] acpiphp: ACPI Hot Plug PCI Controller Driver version: 0.5
[    0.172271] PCI: Using configuration type 1 for base access
[    0.180033] HugeTLB registered 2.00 MiB page size, pre-allocated 0 pages
[    0.184205] ACPI: Added _OSI(Module Device)
[    0.188021] ACPI: Added _OSI(Processor Device)
[    0.192008] ACPI: Added _OSI(3.0 _SCP Extensions)
[    0.195089] ACPI: Added _OSI(Processor Aggregator Device)
[    0.196029] ACPI: Added _OSI(Linux-Dell-Video)
[    0.200008] ACPI: Added _OSI(Linux-Lenovo-NV-HDMI-Audio)
[    0.204010] ACPI: Added _OSI(Linux-HPI-Hybrid-Graphics)
[    0.212239] ACPI: Executed 1 blocks of module-level executable AML code
[    0.227796] ACPI: Interpreter enabled
[    0.228167] ACPI: (supports S0 S5)
[    0.232042] ACPI: Using IOAPIC for interrupt routing
[    0.236736] PCI: Using host bridge windows from ACPI; if necessary, use "pci=nocrs" and report a bug
[    0.240541] ACPI: Enabled 2 GPEs in block 00 to 07
[    0.260591] ACPI: PCI Root Bridge [PCI0] (domain 0000 [bus 00-ff])
[    0.264020] acpi PNP0A03:00: _OSC: OS supports [ASPM ClockPM Segments MSI]
[    0.268054] acpi PNP0A03:00: _OSC: not requesting OS control; OS requires [ExtendedConfig ASPM ClockPM MSI]
[    0.272023] acpi PNP0A03:00: fail to add MMCONFIG information, can't access extended PCI configuration space under this bridge.
[    0.280062] PCI host bridge to bus 0000:00
[    0.284012] pci_bus 0000:00: root bus resource [io  0x0000-0x0cf7 window]
[    0.288012] pci_bus 0000:00: root bus resource [io  0x0d00-0xffff window]
[    0.292011] pci_bus 0000:00: root bus resource [mem 0x000a0000-0x000bffff window]
[    0.296012] pci_bus 0000:00: root bus resource [mem 0x40000000-0xfdffffff window]
[    0.300011] pci_bus 0000:00: root bus resource [bus 00-ff]
[    0.309133] pci 0000:00:01.1: legacy IDE quirk: reg 0x10: [io  0x01f0-0x01f7]
[    0.312008] pci 0000:00:01.1: legacy IDE quirk: reg 0x14: [io  0x03f6]
[    0.316008] pci 0000:00:01.1: legacy IDE quirk: reg 0x18: [io  0x0170-0x0177]
[    0.320007] pci 0000:00:01.1: legacy IDE quirk: reg 0x1c: [io  0x0376]
[    0.350387] pci 0000:00:07.0: quirk: [io  0x4000-0x403f] claimed by PIIX4 ACPI
[    0.352042] pci 0000:00:07.0: quirk: [io  0x4100-0x410f] claimed by PIIX4 SMB
[    0.374969] ACPI: PCI Interrupt Link [LNKA] (IRQs 5 9 10 *11)
[    0.376421] ACPI: PCI Interrupt Link [LNKB] (IRQs 5 9 *10 11)
[    0.380194] ACPI: PCI Interrupt Link [LNKC] (IRQs 5 *9 10 11)
[    0.384194] ACPI: PCI Interrupt Link [LNKD] (IRQs 5 9 10 *11)
[    0.388544] SCSI subsystem initialized
[    0.392076] pci 0000:00:02.0: vgaarb: setting as boot VGA device
[    0.396000] pci 0000:00:02.0: vgaarb: VGA device added: decodes=io+mem,owns=io+mem,locks=none
[    0.396012] pci 0000:00:02.0: vgaarb: bridge control possible
[    0.400014] vgaarb: loaded
[    0.404059] ACPI: bus type USB registered
[    0.408045] usbcore: registered new interface driver usbfs
[    0.412029] usbcore: registered new interface driver hub
[    0.416044] usbcore: registered new device driver usb
[    0.420099] EDAC MC: Ver: 3.0.0
[    0.421808] PCI: Using ACPI for IRQ routing
[    0.424498] NetLabel: Initializing
[    0.428004] NetLabel:  domain hash size = 128
[    0.432003] NetLabel:  protocols = UNLABELED CIPSOv4 CALIPSO
[    0.436033] NetLabel:  unlabeled traffic allowed by default
[    0.440111] clocksource: Switched to clocksource kvm-clock
[    0.474760] VFS: Disk quotasdquot_6.6.0
[    0.514599]FS: Dquot-cche hashtable entries: 12 (order 0, 496bytes)[    0.756481] AppArmor: AppArmor Filesystem Enabled
[    0.785192] pnp: PnP ACPI init
[    0.788310] pnp: PnP ACPI: found 3 devices

[    0.807879] clocksource: acpi_pm: mask: 0xffffff max_cycles: 0xffffff, max_idle_ns: 2085701024 ns
[    0.814282] NET: Registered protocol family 2
[    0.821617] TCP established hash table entries: 8192 (order: 4, 5536 bytes)

[    0.877223] TCP bind hash table entries: 8192 (order: 5, 131072 ytes)
[    0.90958] TCP: ash tabes configure (establshed 8192 bind 8192
[    1.65375] UDP hah table entries: 12 (rder: 2, 1684 byte)
[    1223162]UDP-Lite hash tale entres: 512 (order: 2 1634 bytes
[    1.399997] NE: Regisered proocol famil 1
[    1.52212] pi 0000:0:00.0: Limitingdirect CI/PCI tansfers
[    1.77813] pci 0000:00:01.0: Activating ISA DMA hang workarounds
[    1705130] ci 0000:0:02.0: Video device with shadowed ROM at [mem 0x000c0000-0x000dffff]
[    1.783766] Unpacking initramfs...

[    2.188958] Freeing initrd memory: 19692K
[    2.192282] clocksource: tsc: mask: 0xffffffffffffffff max_cycles: 0x171023f09ff, max_idle_ns: 440795233615 ns
[    2.196559] platform rtc_cmos: registered platform RTC device (no PNP device found)
[    2.202570] Scanning for low memory corruption every 60 seconds
[    2.206676] Initialise system trusted keyrings
[    2.209861] Key type blacklist registered
[    2.211832] workingset: timestamp_bits=36 max_order=18 bucket_order=0
[    2.224980] zbud: loaded
[    2.229852] squashfs: version 4.0 (2009/01/31) Phillip Lougher
[    2.237648] fuse init (API version 7.26)
[    2.251834] Key type asymmetric registered
[    2.261093] Asymmetric key parser 'x509' registered
[    2.277270] Block layer SCSI generic (bsg) driver version 0.4 loaded (major 246)
[    2.283281] io scheduler noop registered
[    2.286857] io scheduler deadline registered
[    2.288947] io scheduler cfq registered (default)
[    2.292982] ACPI: AC Adapter [AC] (off-line)
[    2.297808] input: Power Button as /devices/LNXSYSTM:00/LNXPWRBN:00/input/input0
[    2.301047] ACPI: Power Button [PWRF]
[    2.303932] input: Sleep Button as /devices/LNXSYSTM:00/LNXSLPBN:00/input/input1
[    2.309626] ACPI: Sleep Button [SLPF]
[    2.319656] ACPI: Battery Slot [BAT0] (battery present)
[    2.320262] Serial: 8250/16550 driver, 32 ports, IRQ sharing enabled
[    2.387765] 00:02: ttyS0 at I/O 0x3f8 (irq = 4, base_baud = 115200) is a 16550A
[    2.445359] Linux agpgart interface v0.103
[    2.467013] loop: module loaded
[    2.477458] scsi host0: ata_piix
[    2.494581] scsi host1: ata_piix
[    2.499298] ata1: PATA max UDMA/33 cmd 0x1f0 ctl 0x3f6 bmdma 0xd000 irq 14
[    2.528234] ata2: PATA max UDMA/33 cmd 0x170 ctl 0x376 bmdma 0xd008 irq 15
[    2.559982] libphy: Fixed MDIO Bus: probed
[    2.578680] tun: Universal TUN/TAP device driver, 1.6
[    2.581606] PPP generic driver version 2.4.2
[    2.597670] ehci_hcd: USB 2.0 'Enhanced' Host Controller (EHCI) Driver
[    2.645298] ehci-pci: EHCI PCI platform driver
[    2.657148] ehci-platform: EHCI generic platform driver
[    2.659851] ohci_hcd: USB 1.1 'Open' Host Controller (OHCI) Driver
[    2.662301] ohci-pci: OHCI PCI platform driver
[    2.665539] ohci-platform: OHCI generic platform driver
[    2.684920] uhci_hcd: USB Universal Host Controller Interface driver
[    2.709278] i8042: PNP: PS/2 Controller [PNP0303:PS2K,PNP0f03:PS2M] at 0x60,0x64 irq 1,12
[    2.739989] serio: i8042 KBD port at 0x60,0x64 irq 1
[    2.756984] serio: i8042 AUX port at 0x60,0x64 irq 12
[    2.767261] mousedev: PS/2 mouse device common for all mice
[    2.771898] input: AT Translated Set 2 keyboard as /devices/platform/i8042/serio0/input/input2
[    2.806219] rtc_cmos rtc_cmos: rtc core: registered rtc_cmos as rtc0
[    2.841615] rtc_cmos rtc_cmos: alarms up to one day, 114 bytes nvram
[    2.881401] i2c /dev entries driver
[    2.905236] deice-maper: uevent:version1.0.3
[    3.010820] device-mapper: ioctl: 4.37.0-ioctl (2017-09-20) initialised: dm-devel@redhat.com
[    3.034304] ledtrig-cpu: registered to indicate activity on CPUs
[    3.038196] NET: Registered protocol family 10
[    3.051309] Segment Routing with IPv6
[    3.052788] NET: Registered protocol family 17
[    3.054528] Key type dns_resolver registered
[    3.056630] RAS: Correctable Errors collector initialized.
[    3.058476] sched_clock: Marking stable (3056586963, 0)->(5278470072, -2221883109)
[    3.062252] registered taskstats version 1
[    3.064739] Loading compiled-in X.509 certificates
[    3.077405] Loaded X.509 cert 'Build time autogenerated kernel key: e343dd3e31c9820cf0adf0156bc2eecdcfc394af'
[    3.084470] zswap: loaded using pool lzo/zbud
[    3.099179] Key type big_key registered
[    3.102413] Key type trusted registered
[    3.115673] Key type encrypted registered
[    3.121267] AppArmor: AppArmor sha1 policy hashing enabled
[    3.124609] ima: No TPM chip found, activating TPM-bypass! (rc=-19)
[    3.129153] ima: Allocated hash algorithm: sha1
[    3.132603] evm: HMAC attrs: 0x1
[    3.139742]   Magic number: 3:46:965
[    3.149149] rtc_cmos rtc_cmos: setting system clock to 2019-09-05 02:57:22 UTC (1567652242)
[    3.158138] BIOS EDD facility v0.16 2004-Jun-25, 0 devices found
[    3.168930] EDD information not available.
[    3.178305] Freeing unused kernel image memory: 2424K
[    3.209229] Write protecting the kernel read-only data: 20480k
[    3.293559] Freeing unused kernel image memory: 2008K
[    3.334650] Freeing unused kernel image memory: 1864K
[    3.348682] x86/mm: Checked W+X mappings: passed, no W+X pages found.
[    3.353093] x86/mm: Checking user space page tables
[    3.361996] x86/mm: Checked W+X mappings: passed, no W+X pages found.
Loading, please wait...
starting version 237
[    3.458495] e1000: Intel(R) PRO/1000 Network Driver - version 7.3.21-k8-NAPI
[    3.470554] e1000: Copyright (c) 1999-2006 Intel Corporation.
[    3.475597] Fusion MPT base driver 3.04.20
[    3.520628] Copyright (c) 1999-2008 LSI Corporation
[    3.554334] AVX2 version of gcm_enc/dec engaged.
[    3.556015] AES CTR mode by8 optimization enabled
[    3.577843] vboxvideo: loading out-of-tree module taints kernel.
[    3.592642] vboxvideo: module verification failed: signature and/or required key missing - tainting kernel
[    3.645240] Fusion MPT SPI Host driver 3.04.20
[    3.754164] input: ImExPS/2 Generic Explorer Mouse as /devices/platform/i8042/serio1/input/input4
[    4.217987] e1000 0000:00:03.0 eth0: (PCI:33MHz:32-bit) 02:a9:3e:be:bb:aa
[    4.224263] e1000 0000:00:03.0 eth0: Intel(R) PRO/1000 Network Connection
[    4.231371] [drm] VRAM 01000000
[    4.238677] [TTM] Zone  kernel: Available graphics memory: 504464 kiB
[    4.242961] [TTM] Initializing pool allocator
[    4.246203] [TTM] Initializing DMA pool allocator
[    4.253869] fbcon: vboxdrmfb (fb0) is primary device
[    4.258958] Console: switching to colour frame buffer device 100x37
[    4.267705] vboxvideo 0000:00:02.0: fb0: vboxdrmfb frame buffer device
[    4.298488] [drm] Initialized vboxvideo 1.0.0 20130823 for 0000:00:02.0 on minor 0
[    4.554167] mptbase: ioc0: Initiating bringup
[    4.688849] ioc0: LSI53C1030 A0: Capabilities={Initiator}
[    5.876321] scsi host2: ioc0: LSI53C1030 A0, FwRev=00000000h, Ports=1, MaxQ=256, IRQ=20
[    6.309151] scsi 2:0:0:0: Direct-Access     VBOX     HARDDISK         1.0  PQ: 0 ANSI: 5
[    6.352136] scsi target2:0:0: Beginning Domain Validation
[    6.356337] scsi target2:0:0: Domain Validation skipping write tests
[    6.358894] scsi target2:0:0: Ending Domain Validation
[    6.361118] scsi target2:0:0: asynchronous
[    6.363049] random: fast init done
[    6.364872] scsi 2:0:1:0: Direct-Access     VBOX     HARDDISK         1.0  PQ: 0 ANSI: 5
[    6.684131] scsi target2:0:1: Beginning Domain Validation
[    6.689208] scsi target2:0:1: Domain Validation skipping write tests
[    6.692763] scsi target2:0:1: Ending Domain Validation
[    6.695116] scsi target2:0:1: asynchronous
[    6.702846] sd 2:0:0:0: Attached scsi generic sg0 type 0
[    6.704222] random: systemd-udevd: uninitialized urandom read (16 bytes read)
[    6.705695] sd 2:0:0:0: [sda] 20971520 512-byte logical blocks: (10.7 GB/10.0 GiB)
[    6.708632] random: systemd-udevd: uninitialized urandom read (16 bytes read)
[    6.711187] sd 2:0:1:0: Attached scsi generic sg1 type 0
[    6.716421] sd 2:0:0:0: [sda] Write Protect is off
[    6.718357] sd 2:0:0:0: [sda] Incomplete mode parameter data
[    6.720251] random: systemd-udevd: uninitialized urandom read (16 bytes read)
[    6.720717] sd 2:0:0:0: [sda] Assuming drive cache: write through
[    6.726101] sd 2:0:1:0: [sdb] 20480 512-byte logical blocks: (10.5 MB/10.0 MiB)
[    6.728699] sd 2:0:1:0: [sdb] Write Protect is off
[    6.731292] sd 2:0:1:0: [sdb] Incomplete mode parameter data
[    6.733978] sd 2:0:1:0: [sdb] Assuming drive cache: write through
[    6.742340]  sda: sda1
[    6.744989] sd 2:0:0:0: [sda] Attached SCSI disk
[    6.750874] sd 2:0:1:0: [sdb] Attached SCSI disk
[    6.839166] e1000 0000:00:08.0 eth1: (PCI:33MHz:32-bit) 08:00:27:1d:2a:5b
[    6.865419] e1000 0000:00:08.0 eth1: Intel(R) PRO/1000 Network Connection
[    6.886540] e1000 0000:00:03.0 enp0s3: renamed from eth0
[    6.901278] e1000 0000:00:08.0 enp0s8: renamed from eth1
Begin: Loading essential drivers ... [    7.084288] raid6: sse2x1   gen()  8723 MB/s
[    7.148339] raid6: sse2x1   xor()  5977 MB/s
[    7.212275] raid6: sse2x2   gen() 10574 MB/s
[    7.272402] raid6: sse2x2   xor()  6480 MB/s
[    7.340131] raid6: sse2x4   gen() 11927 MB/s
[    7.408309] raid6: sse2x4   xor()  6988 MB/s
[    7.476094] raid6: avx2x1   gen() 16386 MB/s
[    7.536246] raid6: avx2x1   xor() 11492 MB/s
[    7.600250] raid6: avx2x2   gen() 18429 MB/s
[    7.648185] raid6: avx2x2   xor()  5329 MB/s
[    7.700240] raid6: avx2x4   gen() 11007 MB/s
[    7.764264] raid6: avx2x4   xor() 14154 MB/s
[    7.770014] raid6: using algorithm avx2x2 gen() 18429 MB/s
[    7.774264] raid6: .... xor() 5329 MB/s, rmw enabled
[    7.789491] raid6: using avx2x2 recovery algorithm
[    7.808226] xor: automatically using best checksumming function   avx       
[    7.850912] async_tx: api initialized (async)
done.
Begin: Running /scripts/init-premount ... done.
Begin: Mounting root file system ... Begin: Running /scripts/local-top ... done.
Begin: Running /scripts/local-premount ... [    7.909504] Btrfs loaded, crc32c=crc32c-intel
Scanning for Btrfs filesystems
done.
Warning: fsck not present, so skipping root file system
[    8.018927] EXT4-fs (sda1): INFO: recovery required on readonly filesystem
[    8.025427] EXT4-fs (sda1): write access will be enabled during recovery
[    8.139333] EXT4-fs (sda1): recovery complete
[    8.146661] EXT4-fs (sda1): mounted filesystem with ordered data mode. Opts: (null)
done.
Begin: Running /scripts/local-bottom ... done.
Begin: Running /scripts/init-bottom ... done.
[    8.887636] ip_tables: (C) 2000-2006 Netfilter Core Team
[    9.468381] systemd[1]: systemd 237 running in system mode. (+PAM +AUDIT +SELINUX +IMA +APPARMOR +SMACK +SYSVINIT +UTMP +LIBCRYPTSETUP +GCRYPT +GNUTLS +ACL +XZ +LZ4 +SECCOMP +BLKID +ELFUTILS +KMOD -IDN2 +IDN -PCRE2 default-hierarchy=hybrid)
[    9.866407] systemd[1]: Detected virtualization oracle.
[    9.868431] systemd[1]: Detected architecture x86-64.

Welcome to [1mUbuntu 18.04.3 LTS[0m!

[    9.890838] systemd[1]: Set hostname to <ubuntu-bionic>.
[   11.177462] systemd[1]: Reached target User and Group Name Lookups.
[[0;32m  OK  [0m] Reached target User and Group Name Lookups.
[   11.961749] systemd[1]: Reached target Swap.
[[0;32m  OK  [0m] Reached target Swap.
[   12.111322] systemd[1]: Started Forward Password Requests to Wall Directory Watch.
[[0;32m  OK  [0m] Started Forward Password Requests to Wall Directory Watch.
[   12.122477] systemd[1]: Created slice System Slice.
[[0;32m  OK  [0m] Created slice System Slice.
[   12.126297] systemd[1]: Listening on Device-mapper event daemon FIFOs.
[[0;32m  OK  [0m] Listening on Device-mapper event daemon FIFOs.
[   12.132912] systemd[1]: Listening on udev Control Socket.
[[0;32m  OK  [0m] Listening on udev Control Socket.
[[0;32m  OK  [0m] Created slice User and Session Slice.
[[0;32m  OK  [0m] Reached target System Time Synchronized.
[[0;32m  OK  [0m] Reached target Slices.
[[0;32m  OK  [0m] Listening on LVM2 poll daemon socket.
[[0;32m  OK  [0m] Set up automount Arbitrary Executabâ€¦rmats File System Automount Point.
[[0;32m  OK  [0m] Listening on udev Kernel Socket.
[[0;32m  OK  [0m] Listening on Journal Socket.
         Mounting POSIX Message Queue File System...
         Starting udev Coldplug all Devices...
         Mounting Huge Pages File System...
         Starting Load Kernel Modules...
         Starting Set the console keyboard layout...
[[0;32m  OK  [0m] Listening on Journal Socket (/dev/log).
[[0;32m  OK  [0m] Listening on LVM2 metadata daemon socket.
         Starting Monitoring of LVM2 mirrorsâ€¦ng dmeventd or progress polling...
[[0;32m  OK  [0m] Listening on Journal Audit Socket.
         Starting Remount Root and Kernel File Systems...
         Starting Uncomplicated firewall...
[[0;32m  OK  [[   12.898490] Loading iSCSI transport class v2.0-870.
0m] Listening on Syslog Socket.
         Starting Journal Service...
[[0;32m  OK  [0m] Listening on Network Service Netlink Socket.
[[0;32m  OK  [0m] Listening on /dev/initctl Compatibility Named Pipe.
         Mounting Kernel Debug File System...
[[0;32m  OK  [0m] Created slice system-serial\x2dgetty.slice.
         Starting Create list of required stâ€¦ce nodes for the current kernel...
[[0;32m  OK  [0m] Mounted POSIX Message Queue File System.
[[0;32m  OK  [0m] Mounted Huge Pages File System.
[[0;32m  OK  [0m] Mounted Kernel Debug File System.
[[0;32m  OK  [0m] Started LVM2 metadata daemon.
[   12.962919] EXT4-fs (sda1): re-mounted. Opts: (null)
[   12.969093] iscsi: registered transport (tcp)
[[0;32m  OK  [0m] Started Remount Root and Kernel File Systems.
         Starting Load/Save Random Seed...
[[0;32m  OK  [0m] Started Uncomplicated firewall.
[[0;32m  OK  [0m] Started udev Coldplug all Devices.
[[0;32m  OK  [0m] Started Create list of required staâ€¦vice nodes for the current kernel.
[[0;32m  OK  [0m] Started Journal Service.
         Starting Flush Journal to Persistent Storage...
         Starting Create Static Device Nodes in /dev...
[[0;32m  OK  [0m] Started Load/Save Random Seed.
[   13.131643] systemd-journald[400]: Received request to flush runtime journal from PID 1
[[0;32m  OK  [0m] Started Create Static Device Nodes in /dev.
[   13.303213] random: crng init done
[   13.320119] random: 7 urandom warning(s) missed due to ratelimiting
         Starting udev Kernel Device Manager...
[[0;32m  OK  [0m] Started Monitoring of LVM2 mirrors,â€¦sing dmeventd or progress polling.
[   13.591214] iscsi: registered transport (iser)
[[0;32m  OK  [0m] Started Load Kernel Modules.
         Starting Apply Kernel Variables...
         Mounting FUSE Control File System...
         Mounting Kernel Configuration File System...
[[0;32m  OK  [0m] Mounted FUSE Control File System.
[[0;32m  OK  [0m] Mounted Kernel Configuration File System.
[[0;32m  OK  [0m] Started udev Kernel Device Manager.
[[0;32m  OK  [0m] Started Apply Kernel Variables.
[[0;32m  OK  [0m] Started Flush Journal to Persistent Storage.
[[0;32m  OK  [0m] Found device /dev/ttyS0.
[[0;32m  OK  [0m] Listening on Load/Save RF Kill Switch Status /dev/rfkill Watch.
[[0;32m  OK  [0m] Started Set the console keyboard layout.
[[0;32m  OK  [0m] Started Dispatch Password Requests to Console Directory Watch.
[[0;32m  OK  [0m] Reached target Local Encrypted Volumes.
[[0;32m  OK  [0m] Reached target Local File Systems (Pre).
[[0;32m  OK  [0m] Reached target Local File Systems.
         Starting Create Volatile Files and Directories...
         Starting ebtables ruleset management...
         Starting AppArmor initialization...
         Starting Set console font and keymap...
         Starting Tell Plymouth To Write Out Runtime Data...
[[0;32m  OK  [0m] Started Create Volatile Files and Directories.
         Starting Update UTMP about System Boot/Shutdown...
[[0;32m  OK  [0m] Started Tell Plymouth To Write Out Runtime Data.
[[0;32m  OK  [0m] Started Set console font and keymap.
[[0;32m  OK  [0m] Started Update UTMP about System Boot/Shutdown.
[[0;32m  OK  [0m] Started ebtables ruleset management.
[[0;32m  OK  [0m] Started AppArmor initialization.
         Starting Initial cloud-init job (pre-networking)...
[   19.720919] cloud-init[720]: Cloud-init v. 19.1-1-gbaa47854-0ubuntu1~18.04.1 running 'init-local' at Thu, 05 Sep 2019 02:57:38 +0000. Up 19.28 seconds.
[[0;32m  OK  [0m] Started Initial cloud-init job (pre-networking).
[[0;32m  OK  [0m] Reached target Network (Pre).
         Starting Network Service...
[[0;32m  OK  [0m] Started Network Service.
         Starting Network Name Resolution...
         Starting Wait for Network to be Configured...
[[0;32m  OK  [0m] Started Network Name Resolution.
[[0;32m  OK  [0m] Reached target Host and Network Name Lookups.
[[0;32m  OK  [0m] Reached target Network.
[[0;32m  OK  [0m] Started Wait for Network to be Configured.
         Starting Initial cloud-init job (metadata service crawler)...
[   22.743109] cloud-init[830]: Cloud-init v. 19.1-1-gbaa47854-0ubuntu1~18.04.1 running 'init' at Thu, 05 Sep 2019 02:57:41 +0000. Up 22.47 seconds.
[   22.750376] cloud-init[830]: ci-info: ++++++++++++++++++++++++++++++++++++++Net device info+++++++++++++++++++++++++++++++++++++++
[   22.759614] cloud-init[830]: ci-info: +--------+------+-----------------------------+---------------+--------+-------------------+
[   22.766513] cloud-init[830]: ci-info: | Device |  Up  |           Address           |      Mask     | Scope  |     Hw-Address    |
[   22.773179] cloud-init[830]: ci-info: +--------+------+-----------------------------+---------------+--------+-------------------+
[   22.782094] cloud-init[830]: ci-info: | enp0s3 | True |          10.0.2.15          | 255.255.255.0 | global | 02:a9:3e:be:bb:aa |
[   22.788617] cloud-init[830]: ci-info: | enp0s3 | True |  fe80::a9:3eff:febe:bbaa/64 |       .       |  link  | 02:a9:3e:be:bb:aa |
[   22.794661] cloud-init[830]: ci-info: | enp0s8 | True |        192.168.33.10        | 255.255.255.0 | global | 08:00:27:1d:2a:5b |
[   22.805245] cloud-init[830]: ci-info: | enp0s8 | True | fe80::a00:27ff:fe1d:2a5b/64 |       .       |  link  | 08:00:27:1d:2a:5b |
[   22.817555] cloud-init[830]: ci-info: |   lo   | True |          127.0.0.1          |   255.0.0.0   |  host  |         .         |
[   22.824676] cloud-init[830]: ci-info: |   lo   | True |           ::1/128           |       .       |  host  |         .         |
[   22.830609] cloud-init[830]: ci-info: +--------+------+-----------------------------+---------------+--------+-------------------+
[   22.848298] cloud-init[830]: ci-info: +++++++++++++++++++++++++++++Route IPv4 info+++++++++++++++++++++++++++++
[   22.853385] cloud-init[830]: ci-info: +-------+--------------+----------+-----------------+-----------+-------+
[   22.858511] cloud-init[830]: ci-info: | Route | Destination  | Gateway  |     Genmask     | Interface | Flags |
[   22.862556] cloud-init[830]: ci-info: +-------+--------------+----------+-----------------+-----------+-------+
[   22.883973] cloud-init[830]: ci-info: |   0   |   0.0.0.0    | 10.0.2.2 |     0.0.0.0     |   enp0s3  |   UG  |
[   22.889100] cloud-init[830]: ci-info: |   1   |   10.0.2.0   | 0.0.0.0  |  255.255.255.0  |   enp0s3  |   U   |
[   22.893429] cloud-init[830]: ci-info: |   2   |   10.0.2.2   | 0.0.0.0  | 255.255.255.255 |   enp0s3  |   UH  |
[   22.899528] cloud-init[830]: ci-info: |   3   | 192.168.33.0 | 0.0.0.0  |  255.255.255.0  |   enp0s8  |   U   |
[   22.928351] cloud-init[830]: ci-info: +-------+--------------+----------+-----------------+-----------+-------+
[   22.957235] cloud-init[830]: ci-info: +++++++++++++++++++Route IPv6 info+++++++++++++++++++
[   22.977343] cloud-init[830]: ci-info: +-------+-------------+---------+-----------+-------+
[   22.981007] cloud-init[830]: ci-info: | Route | Destination | Gateway | Interface | Flags |
[   22.984402] cloud-init[830]: ci-info: +-------+-------------+---------+-----------+-------+
[   22.996184] cloud-init[830]: ci-info: |   1   |  fe80::/64  |    ::   |   enp0s8  |   U   |
[   23.021859] cloud-init[830]: ci-info: |   2   |  fe80::/64  |    ::   |   enp0s3  |   U   |
[   23.044770] cloud-init[830]: ci-info: |   4   |    local    |    ::   |   enp0s3  |   U   |
[   23.054345] cloud-init[830]: ci-info: |   5   |    local    |    ::   |   enp0s8  |   U   |
[   23.084538] cloud-init[830]: ci-info: |   6   |   ff00::/8  |    ::   |   enp0s8  |   U   |
[   23.108333] cloud-init[830]: ci-info: |   7   |   ff00::/8  |    ::   |   enp0s3  |   U   |
[   23.112967] cloud-init[830]: ci-info: +-------+-------------+---------+-----------+-------+
[[0;32m  OK  [0m] Started Initial cloud-init job (metadata service crawler).
[[0;32m  OK  [0m] Reached target System Initialization.
[[0;32m  OK  [0m] Listening on ACPID Listen Socket.
[[0;32m  OK  [0m] Listening on D-Bus System Message Bus Socket.
[[0;32m  OK  [0m] Started Daily apt download activities.
[[0;32m  OK  [0m] Listening on UUID daemon activation socket.
         Starting Socket activation for snappy daemon.
[[0;32m  OK  [0m] Listening on Open-iSCSI iscsid Socket.
[[0;32m  OK  [0m] Started Message of the Day.
[[0;32m  OK  [0m] Started Daily apt upgrade and clean activities.
         Starting LXD - unix socket.
[[0;32m  OK  [0m] Started Discard unused blocks once a week.
[[0;32m  OK  [0m] Started Daily Cleanup of Temporary Directories.
[[0;32m  OK  [0m] Reached target Timers.
[[0;32m  OK  [0m] Started ACPI Events Check.
[[0;32m  OK  [0m] Reached target Paths.
[[0;32m  OK  [0m] Reached target Network is Online.
[[0;32m  OK  [0m] Reached target Remote File Systems (Pre).
[[0;32m  OK  [0m] Reached target Remote File Systems.
         Starting Availability of block devices...
[[0;32m  OK  [0m] Reached target Cloud-config availability.
[[0;32m  OK  [0m] Listening on Socket activation for snappy daemon.
[[0;32m  OK  [0m] Listening on LXD - unix socket.
[[0;32m  OK  [0m] Started Availability of block devices.
[[0;32m  OK  [0m] Reached target Sockets.
[[0;32m  OK  [0m] Reached target Basic System.
[[0;32m  OK  [0m] Started irqbalance daemon.
         Starting LSB: automatic crash report generation...
[[0;32m  OK  [0m] Started Regular background program processing daemon.
         Starting Login Service...
         Starting vboxadd.service...
[[0;32m  OK  [0m] Started D-Bus System Message Bus.
         Starting LXD - container startup/shutdown...
         Starting Dispatcher daemon for systemd-networkd...
         Starting OpenBSD Secure Shell server...
         Starting Permit User Sessions...
         Starting Accounts Service...
         Starting LSB: Record successful boot for GRUB...
[[0;32m  OK  [0m] Started FUSE filesystem for LXC.
         Starting Message of the Day...
         Starting System Logging Service...
[[0;32m  OK  [0m] Started Deferred execution scheduler.
         Starting Snappy daemon...
[[0;32m  OK  [0m] Started Permit User Sessions.
[[0;32m  OK  [0m] Started Login Service.
[[0;32m  OK  [0m] Started Unattended Upgrades Shutdown.
         Starting Terminate Plymouth Boot Screen...
         Starting Hold until boot process finishes up...
[[0;32m  OK  [0m] Started Hold until boot process finishes up.
[[0;32m  OK  [0m] Started Terminate Plymouth Boot Screen.
[[0;32m  OK  [0m] Started Serial Getty on ttyS0.
         Starting Set console scheme...
[[0;32m  OK  [0m] Started Set console scheme.
[[0;32m  OK  [0m] Created slice system-getty.slice.
[[0;32m  OK  [0m] Started Getty on tty1.
[[0;32m  OK  [0m] Reached target Login Prompts.
[[0;32m  OK  [0m] Started LSB: automatic crash report generation.
         Starting Authorization Manager...
[[0;32m  OK  [0m] Started LSB: Record successful boot for GRUB.
[[0;32m  OK  [0m] Started System Logging Service.
[[0;32m  OK  [0m] Started Authorization Manager.
[[0;32m  OK  [0m] Started Accounts Service.
[[0;32m  OK  [0m] Started OpenBSD Secure Shell server.
[[0;32m  OK  [0m] Started Dispatcher daemon for systemd-networkd.
[[0;32m  OK  [0m] Started vboxadd.service.
         Starting vboxadd-service.service...
[[0;32m  OK  [0m] Started LXD - container startup/shutdown.
[[0;32m  OK  [0m] Started Snappy daemon.
         Starting Wait until snapd is fully seeded...
[[0;32m  OK  [0m] Started vboxadd-service.service.
[[0;32m  OK  [0m] Started Wait until snapd is fully seeded.
         Starting Apply the settings specified in cloud-config...
[[0;32m  OK  [0m] Reached target Multi-User System.
[[0;32m  OK  [0m] Reached target Graphical Interface.
         Starting Update UTMP about System Runlevel Changes...
[[0;32m  OK  [0m] Started Update UTMP about System Runlevel Changes.
[[0;32m  OK  [0m] Created slice User Slice of vagrant.
         Starting User Manager for UID 1000...
[[0;32m  OK  [0m] Started Session 1 of user vagrant.
[[0;32m  OK  [0m] Started User Manager for UID 1000.
[[0;32m  OK  [0m] Started Message of the Day.
[   27.918942] cloud-init[1417]: Cloud-init v. 19.1-1-gbaa47854-0ubuntu1~18.04.1 running 'modules:config' at Thu, 05 Sep 2019 02:57:47 +0000. Up 27.73 seconds.
[[0;32m  OK  [0m] Started Apply the settings specified in cloud-config.
         Starting Execute cloud user/final scripts...
[   28.836927] cloud-init[1523]: Cloud-init v. 19.1-1-gbaa47854-0ubuntu1~18.04.1 running 'modules:final' at Thu, 05 Sep 2019 02:57:47 +0000. Up 28.57 seconds.
[   28.842211] cloud-init[1523]: Cloud-init v. 19.1-1-gbaa47854-0ubuntu1~18.04.1 finished at Thu, 05 Sep 2019 02:57:48 +0000. Datasource DataSourceNoCloud [seed=/dev/sdb][dsmode=net].  Up 28.82 seconds
[[0;32m  OK  [0m] Started Execute cloud user/final scripts.
[[0;32m  OK  [0m] Reached target Cloud-init target.

Ubuntu 18.04.3 LTS ubuntu-bionic ttyS0

ubuntu-bionic login: 